plugin.video.rt/resources/data/menu.json
plugin.video.rt/resources/lib/english/__init__.py
plugin.video.rt/resources/lib/english/news.py
plugin.video.rt/resources/lib/english/newscategory.py
plugin.video.rt/resources/lib/english/newsspecial.py
plugin.video.rt/resources/lib/english/program.py
plugin.video.rt/resources/lib/other/__init__.py
plugin.video.rt/resources/lib/other/section.py
plugin.video.rt/resources/lib/__init__.py
plugin.video.rt/resources/lib/channel.py
plugin.video.rt/resources/lib/config.py
plugin.video.rt/resources/lib/video.py
plugin.video.rt/resources/media/poster_cgtn_arabic.png
plugin.video.rt/resources/media/poster_cgtn_channels.png
plugin.video.rt/resources/lib/__init__.py
plugin.video.rt/resources/lib/scraper.py
plugin.video.rt/resources/__init__.py
plugin.video.rt/resources/banner.jpeg
plugin.video.rt/resources/fanart.jpg
plugin.video.rt/resources/icon.png
plugin.video.rt/addon.xml
plugin.video.rt/changelog.txt
plugin.video.rt/LICENSE.txt
plugin.video.rt/default.py
plugin.video.rt/README.txt
